============================================= 
[Fri 05/29/2026 15:45:39.87] START CF RETRAIN 
============================================= 
[15:45:40.31] Step 1: build_cf_implicit... 
E:\TLCN\BE_py\book-platform\.venv\Lib\site-packages\implicit\cpu\als.py:95: RuntimeWarning: OpenBLAS is configured to use 12 threads. It is highly recommended to disable its internal threadpool by setting the environment variable 'OPENBLAS_NUM_THREADS=1' or by calling 'threadpoolctl.threadpool_limits(1, "blas")'. Having OpenBLAS use a threadpool can lead to severe performance issues here.
  check_blas_config()
[ALS-CF] factors=64 iter=20 alpha=5.0 topk=50
[1/4] Tải Implicit Feedback từ MySQL...
      Interactions: 73,761  |  Users: 304  |  Books: 19,995
[2/4] Build Confidence Matrix...
      Shape: (304, 19995)  |  Sparsity: 98.79%
[3/4] Huấn luyện ALS...
  0%|          | 0/20 [00:00<?, ?it/s] 15%|█▌        | 3/20 [00:00<00:00, 28.42it/s] 30%|███       | 6/20 [00:00<00:00, 27.67it/s] 45%|████▌     | 9/20 [00:00<00:00, 26.84it/s] 60%|██████    | 12/20 [00:00<00:00, 26.33it/s] 75%|███████▌  | 15/20 [00:00<00:00, 26.20it/s] 90%|█████████ | 18/20 [00:00<00:00, 26.31it/s]100%|██████████| 20/20 [00:00<00:00, 26.45it/s]
      Item Factor Matrix: (19995, 64)
[4/4] Tính Top-K & Lưu DB...
      Tổng rows: 999,750
  Saved 10000/999750 rows...
  Saved 20000/999750 rows...
  Saved 30000/999750 rows...
  Saved 40000/999750 rows...
  Saved 50000/999750 rows...
  Saved 60000/999750 rows...
  Saved 70000/999750 rows...
  Saved 80000/999750 rows...
  Saved 90000/999750 rows...
  Saved 100000/999750 rows...
  Saved 110000/999750 rows...
  Saved 120000/999750 rows...
  Saved 130000/999750 rows...
  Saved 140000/999750 rows...
  Saved 150000/999750 rows...
  Saved 160000/999750 rows...
  Saved 170000/999750 rows...
  Saved 180000/999750 rows...
  Saved 190000/999750 rows...
  Saved 200000/999750 rows...
  Saved 210000/999750 rows...
  Saved 220000/999750 rows...
  Saved 230000/999750 rows...
  Saved 240000/999750 rows...
  Saved 250000/999750 rows...
  Saved 260000/999750 rows...
  Saved 270000/999750 rows...
  Saved 280000/999750 rows...
  Saved 290000/999750 rows...
  Saved 300000/999750 rows...
  Saved 310000/999750 rows...
  Saved 320000/999750 rows...
  Saved 330000/999750 rows...
  Saved 340000/999750 rows...
  Saved 350000/999750 rows...
  Saved 360000/999750 rows...
  Saved 370000/999750 rows...
  Saved 380000/999750 rows...
  Saved 390000/999750 rows...
  Saved 400000/999750 rows...
  Saved 410000/999750 rows...
  Saved 420000/999750 rows...
  Saved 430000/999750 rows...
  Saved 440000/999750 rows...
  Saved 450000/999750 rows...
  Saved 460000/999750 rows...
  Saved 470000/999750 rows...
  Saved 480000/999750 rows...
  Saved 490000/999750 rows...
  Saved 500000/999750 rows...
  Saved 510000/999750 rows...
  Saved 520000/999750 rows...
  Saved 530000/999750 rows...
  Saved 540000/999750 rows...
  Saved 550000/999750 rows...
  Saved 560000/999750 rows...
  Saved 570000/999750 rows...
  Saved 580000/999750 rows...
  Saved 590000/999750 rows...
  Saved 600000/999750 rows...
  Saved 610000/999750 rows...
  Saved 620000/999750 rows...
  Saved 630000/999750 rows...
  Saved 640000/999750 rows...
  Saved 650000/999750 rows...
  Saved 660000/999750 rows...
  Saved 670000/999750 rows...
  Saved 680000/999750 rows...
  Saved 690000/999750 rows...
  Saved 700000/999750 rows...
  Saved 710000/999750 rows...
  Saved 720000/999750 rows...
  Saved 730000/999750 rows...
  Saved 740000/999750 rows...
  Saved 750000/999750 rows...
  Saved 760000/999750 rows...
  Saved 770000/999750 rows...
  Saved 780000/999750 rows...
  Saved 790000/999750 rows...
  Saved 800000/999750 rows...
  Saved 810000/999750 rows...
  Saved 820000/999750 rows...
  Saved 830000/999750 rows...
  Saved 840000/999750 rows...
  Saved 850000/999750 rows...
  Saved 860000/999750 rows...
  Saved 870000/999750 rows...
  Saved 880000/999750 rows...
  Saved 890000/999750 rows...
  Saved 900000/999750 rows...
  Saved 910000/999750 rows...
  Saved 920000/999750 rows...
  Saved 930000/999750 rows...
  Saved 940000/999750 rows...
  Saved 950000/999750 rows...
  Saved 960000/999750 rows...
  Saved 970000/999750 rows...
  Saved 980000/999750 rows...
  Saved 990000/999750 rows...
  Saved 999750/999750 rows...

[DONE] CF_IMPLICIT hoàn tất trong 58.9s
[15:46:40.46] Step 1 done (start: 15:45:40.31 / end: 15:46:40.46). 
[15:46:40.47] Step 2: build_cf_purchase... 
E:\TLCN\BE_py\book-platform\.venv\Lib\site-packages\implicit\cpu\als.py:95: RuntimeWarning: OpenBLAS is configured to use 12 threads. It is highly recommended to disable its internal threadpool by setting the environment variable 'OPENBLAS_NUM_THREADS=1' or by calling 'threadpoolctl.threadpool_limits(1, "blas")'. Having OpenBLAS use a threadpool can lead to severe performance issues here.
  check_blas_config()
[ALS-CF-PURCHASE] factors=64 iterations=20 alpha=10.0 topk=50
[1/4] Tải Purchase data từ orders/order_details...
      Interactions: 17,772  |  Users: 302  |  Books: 8,573
[2/4] Build Confidence Matrix...
      Shape: (302, 8573)  |  Sparsity: 99.31%
[3/4] Huấn luyện ALS...
  0%|          | 0/20 [00:00<?, ?it/s] 35%|███▌      | 7/20 [00:00<00:00, 68.46it/s] 70%|███████   | 14/20 [00:00<00:00, 65.18it/s]100%|██████████| 20/20 [00:00<00:00, 65.11it/s]
[4/4] Tính Top-K & Lưu DB...
      Tổng rows: 428,650

[DONE] CF_PURCHASE hoàn tất trong 26.6s
[15:47:07.90] Step 2 done (start: 15:46:40.47 / end: 15:47:07.90). 
[15:47:07.91] Step 3: rebuild_user_cf_batch... 
[BatchCF] active_days=30, history_days=90, topn=50
[BatchCF] active users: 4
[BatchCF] done. ok=4 fail=0 time=15.3s
[15:47:23.48] Step 3 done (start: 15:47:07.91 / end: 15:47:23.48). 
============================================= 
TOTAL TIME: 104 seconds (1m 44s) 
TOTAL: start=15:45:39.87 / finish=15:47:23.74 
[15:47:23.74] ALL DONE. 
============================================= 
